FPU - Cell Utilization Report
Source: Pasted text(20260908-122917).txt
Tool: Yosys / LibreLane
Technology: SKY130 HD

This report was extracted from the Yosys post-synthesis statistics block.

=== fpu ===                                                                                                                                                                                            
                                                                                                                                                                                                       
Number of wires:               5083                                                                                                                                                                    
Number of wire bits:           5177                                                                                                                                                                    
Number of public wires:         286                                                                                                                                                                    
Number of public wire bits:     380                                                                                                                                                                    
Number of ports:                 13                                                                                                                                                                    
Number of port bits:            107                                                                                                                                                                    
Number of memories:               0                                                                                                                                                                    
Number of memory bits:            0                                                                                                                                                                    
Number of processes:              0                                                                                                                                                                    
Number of cells:               5108                                                                                                                                                                    
sky130_fd_sc_hd__a2111o_2       3                                                                                                                                                                      
sky130_fd_sc_hd__a2111oi_2      1                                                                                                                                                                      
sky130_fd_sc_hd__a211o_2       66                                                                                                                                                                      
sky130_fd_sc_hd__a211oi_2      50                                                                                                                                                                      
sky130_fd_sc_hd__a21bo_2       73                                                                                                                                                                      
sky130_fd_sc_hd__a21boi_2      15                                                                                                                                                                      
sky130_fd_sc_hd__a21o_2       244                                                                                                                                                                      
sky130_fd_sc_hd__a21oi_2      209                                                                                                                                                                      
sky130_fd_sc_hd__a221o_2       67                                                                                                                                                                      
sky130_fd_sc_hd__a221oi_2       1                                                                                                                                                                      
sky130_fd_sc_hd__a22o_2       155                                                                                                                                                                      
sky130_fd_sc_hd__a22oi_2      104                                                                                                                                                                      
sky130_fd_sc_hd__a2bb2o_2      30                                                                                                                                                                      
sky130_fd_sc_hd__a2bb2oi_2      1                                                                                                                                                                      
sky130_fd_sc_hd__a311o_2       11                                                                                                                                                                      
sky130_fd_sc_hd__a311oi_2       4                                                                                                                                                                      
sky130_fd_sc_hd__a31o_2       109                                                                                                                                                                      
sky130_fd_sc_hd__a31oi_2        7                                                                                                                                                                      
sky130_fd_sc_hd__a32o_2        40                                                                                                                                                                      
sky130_fd_sc_hd__a32oi_2        3                                                                                                                                                                      
sky130_fd_sc_hd__a41o_2         2                                                                                                                                                                      
sky130_fd_sc_hd__and2_2       154                                                                                                                                                                      
sky130_fd_sc_hd__and2b_2      107                                                                                                                                                                      
sky130_fd_sc_hd__and3_2       212                                                                                                                                                                      
sky130_fd_sc_hd__and3b_2       20                                                                                                                                                                      
sky130_fd_sc_hd__and4_2       114                                                                                                                                                                      
sky130_fd_sc_hd__and4b_2        3                                                                                                                                                                      
sky130_fd_sc_hd__and4bb_2      15                                                                                                                                                                      
sky130_fd_sc_hd__dfrtp_2      287                                                                                                                                                                      
sky130_fd_sc_hd__dfstp_2        2                                                                                                                                                                      
sky130_fd_sc_hd__dfxtp_2       18                                                                                                                                                                      
sky130_fd_sc_hd__inv_2        104                                                                                                                                                                      
sky130_fd_sc_hd__mux2_1       318                                                                                                                                                                      
sky130_fd_sc_hd__nand2_2      477                                                                                                                                                                      
sky130_fd_sc_hd__nand2b_2      93                                                                                                                                                                      
sky130_fd_sc_hd__nand3_2      153                                                                                                                                                                      
sky130_fd_sc_hd__nand3b_2      24                                                                                                                                                                      
sky130_fd_sc_hd__nand4_2       60                                                                                                                                                                      
sky130_fd_sc_hd__nor2_2       325                                                                                                                                                                      
sky130_fd_sc_hd__nor3_2        26                                                                                                                                                                      
sky130_fd_sc_hd__nor3b_2        4                                                                                                                                                                      
sky130_fd_sc_hd__nor4_2         7                                                                                                                                                                      
sky130_fd_sc_hd__o2111a_2       1                                                                                                                                                                      
sky130_fd_sc_hd__o2111ai_2      1                                                                                                                                                                      
sky130_fd_sc_hd__o211a_2       78                                                                                                                                                                      
sky130_fd_sc_hd__o211ai_2      38                                                                                                                                                                      
sky130_fd_sc_hd__o21a_2       105                                                                                                                                                                      
sky130_fd_sc_hd__o21ai_2      114                                                                                                                                                                      
sky130_fd_sc_hd__o21ba_2       52                                                                                                                                                                      
sky130_fd_sc_hd__o21bai_2      39                                                                                                                                                                      
sky130_fd_sc_hd__o221a_2        4                                                                                                                                                                      
sky130_fd_sc_hd__o221ai_2       1                                                                                                                                                                      
sky130_fd_sc_hd__o22a_2        10                                                                                                                                                                      
sky130_fd_sc_hd__o22ai_2        3                                                                                                                                                                      
sky130_fd_sc_hd__o2bb2a_2      22                                                                                                                                                                      
sky130_fd_sc_hd__o311a_2        8                                                                                                                                                                      
sky130_fd_sc_hd__o311ai_2       1                                                                                                                                                                      
sky130_fd_sc_hd__o31a_2        16                                                                                                                                                                      
sky130_fd_sc_hd__o31ai_2        4                                                                                                                                                                      
sky130_fd_sc_hd__o32a_2         6                                                                                                                                                                      
sky130_fd_sc_hd__o41a_2         2                                                                                                                                                                      
sky130_fd_sc_hd__or2_2        232                                                                                                                                                                      
sky130_fd_sc_hd__or3_2         71                                                                                                                                                                      
sky130_fd_sc_hd__or3b_2        28                                                                                                                                                                      
sky130_fd_sc_hd__or4_2         47                                                                                                                                                                      
sky130_fd_sc_hd__or4b_2         2                                                                                                                                                                      
sky130_fd_sc_hd__or4bb_2        1                                                                                                                                                                      
sky130_fd_sc_hd__xnor2_2      365                                                                                                                                                                      
sky130_fd_sc_hd__xor2_2       139                                                                                                                                                                      
                                                                                                                                                                                                       
Chip area for module '\fpu': 53794.092800                                                                                                                                                              
of which used for sequential elements: 7976.400000 (14.83%)
